<?xml version="1.0" encoding="UTF-8"?>
<TestRun id="7a062204-6e1b-4d60-84a9-877ac4f56e1f" name="Storgaard@STORGAARD-PC 2012-09-06 15:16:30" runUser="Storgaard-Pc\Storgaard" xmlns="http://microsoft.com/schemas/VisualStudio/TeamTest/2010">
  <TestSettings name="Local" id="6696d6a2-e282-42e7-b4d6-155d970f221e">
    <Description>These are default test settings for a local test run.</Description>
    <Deployment enabled="false" runDeploymentRoot="Storgaard_STORGAARD-PC 2012-09-06 15_16_30">
      <DeploymentItem filename="C:\Users\Storgaard\Documents\GitHub\SIDI-MMUN\BDSA\AS.36\GoL\GoL\GoL\bin\Debug\GoL.exe" />
    </Deployment>
    <Execution>
      <TestTypeSpecific />
      <AgentRule name="Execution Agents">
      </AgentRule>
    </Execution>
  </TestSettings>
  <Times creation="2012-09-06T15:16:30.1291425+02:00" queuing="2012-09-06T15:16:30.1371429+02:00" start="2012-09-06T15:16:30.1441433+02:00" finish="2012-09-06T15:16:30.3841571+02:00" />
  <ResultSummary outcome="Failed">
    <Counters total="1" executed="1" error="0" failed="1" timeout="0" aborted="0" inconclusive="0" passedButRunAborted="0" notRunnable="0" notExecuted="0" disconnected="0" warning="0" passed="0" completed="0" inProgress="0" pending="0" />
  </ResultSummary>
  <TestDefinitions>
    <UnitTest name="ChangeCellStatesTest" storage="c:\users\storgaard\documents\github\sidi-mmun\bdsa\as.36\gol\gol\testgameoflife\bin\debug\testgameoflife.dll" id="28cf5364-152b-3438-cf59-3d76b2f5ab4e">
      <Execution id="85d37449-1401-4e08-8635-b888c3d4d589" />
      <TestMethod codeBase="C:/Users/Storgaard/Documents/GitHub/SIDI-MMUN/BDSA/AS.36/GoL/GoL/TestGameOfLife/bin/Debug/TestGameOfLife.DLL" adapterTypeName="Microsoft.VisualStudio.TestTools.TestTypes.Unit.UnitTestAdapter, Microsoft.VisualStudio.QualityTools.Tips.UnitTest.Adapter, Version=10.0.0.0, Culture=neutral, PublicKeyToken=b03f5f7f11d50a3a" className="TestGameOfLife.GameOfLifeTest, TestGameOfLife, Version=1.0.0.0, Culture=neutral, PublicKeyToken=null" name="ChangeCellStatesTest" />
    </UnitTest>
  </TestDefinitions>
  <TestLists>
    <TestList name="Results Not in a List" id="8c84fa94-04c1-424b-9868-57a2d4851a1d" />
    <TestList name="All Loaded Results" id="19431567-8539-422a-85d7-44ee4e166bda" />
  </TestLists>
  <TestEntries>
    <TestEntry testId="28cf5364-152b-3438-cf59-3d76b2f5ab4e" executionId="85d37449-1401-4e08-8635-b888c3d4d589" testListId="8c84fa94-04c1-424b-9868-57a2d4851a1d" />
  </TestEntries>
  <Results>
    <UnitTestResult executionId="85d37449-1401-4e08-8635-b888c3d4d589" testId="28cf5364-152b-3438-cf59-3d76b2f5ab4e" testName="ChangeCellStatesTest" computerName="STORGAARD-PC" duration="00:00:00.0408489" startTime="2012-09-06T15:16:30.1461434+02:00" endTime="2012-09-06T15:16:30.3701563+02:00" testType="13cdc9d9-ddb5-4fa4-a97d-d965ccfc6d4b" outcome="Failed" testListId="8c84fa94-04c1-424b-9868-57a2d4851a1d" relativeResultsDirectory="85d37449-1401-4e08-8635-b888c3d4d589">
      <Output>
        <ErrorInfo>
          <Message>Assert.IsNull failed. Did not get Zombie as expected</Message>
          <StackTrace>   at TestGameOfLife.GameOfLifeTest.ChangeCellStatesTest() in C:\Users\Storgaard\Documents\GitHub\SIDI-MMUN\BDSA\AS.36\GoL\GoL\TestGameOfLife\GameOfLifeTest.cs:line 115
</StackTrace>
        </ErrorInfo>
      </Output>
    </UnitTestResult>
  </Results>
</TestRun>