<?xml version="1.0" encoding="UTF-8"?>
<TestRun id="9f7538d7-be48-4b04-a5a4-3fef0191e5fd" name="Storgaard@STORGAARD-PC 2012-09-06 15:23:25" runUser="Storgaard-Pc\Storgaard" xmlns="http://microsoft.com/schemas/VisualStudio/TeamTest/2010">
  <TestSettings name="Local" id="6696d6a2-e282-42e7-b4d6-155d970f221e">
    <Description>These are default test settings for a local test run.</Description>
    <Deployment enabled="false" runDeploymentRoot="Storgaard_STORGAARD-PC 2012-09-06 15_23_25">
      <DeploymentItem filename="C:\Users\Storgaard\Documents\GitHub\SIDI-MMUN\BDSA\AS.36\GoL\GoL\GoL\bin\Debug\GoL.exe" />
    </Deployment>
    <Execution>
      <TestTypeSpecific />
      <AgentRule name="Execution Agents">
      </AgentRule>
    </Execution>
  </TestSettings>
  <Times creation="2012-09-06T15:23:25.0728759+02:00" queuing="2012-09-06T15:23:25.0818764+02:00" start="2012-09-06T15:23:25.0928770+02:00" finish="2012-09-06T15:23:25.3998946+02:00" />
  <ResultSummary outcome="Completed">
    <Counters total="5" executed="5" passed="5" error="0" failed="0" timeout="0" aborted="0" inconclusive="0" passedButRunAborted="0" notRunnable="0" notExecuted="0" disconnected="0" warning="0" completed="0" inProgress="0" pending="0" />
  </ResultSummary>
  <TestDefinitions>
    <UnitTest name="GameLogicAllDeadTest" storage="c:\users\storgaard\documents\github\sidi-mmun\bdsa\as.36\gol\gol\testgameoflife\bin\debug\testgameoflife.dll" id="b91bde71-f1aa-3548-6a1d-bda2595341db">
      <Execution id="7d9a7709-7351-4bdc-83f6-085346c26d82" />
      <TestMethod codeBase="C:/Users/Storgaard/Documents/GitHub/SIDI-MMUN/BDSA/AS.36/GoL/GoL/TestGameOfLife/bin/Debug/TestGameOfLife.DLL" adapterTypeName="Microsoft.VisualStudio.TestTools.TestTypes.Unit.UnitTestAdapter, Microsoft.VisualStudio.QualityTools.Tips.UnitTest.Adapter, Version=10.0.0.0, Culture=neutral, PublicKeyToken=b03f5f7f11d50a3a" className="TestGameOfLife.GameOfLifeTest, TestGameOfLife, Version=1.0.0.0, Culture=neutral, PublicKeyToken=null" name="GameLogicAllDeadTest" />
    </UnitTest>
    <UnitTest name="GameLogicAllAliveTest" storage="c:\users\storgaard\documents\github\sidi-mmun\bdsa\as.36\gol\gol\testgameoflife\bin\debug\testgameoflife.dll" id="aea06943-332f-e398-3746-cca1e2be391c">
      <Execution id="1c03be26-359e-45b8-8417-83b2c6d48026" />
      <TestMethod codeBase="C:/Users/Storgaard/Documents/GitHub/SIDI-MMUN/BDSA/AS.36/GoL/GoL/TestGameOfLife/bin/Debug/TestGameOfLife.DLL" adapterTypeName="Microsoft.VisualStudio.TestTools.TestTypes.Unit.UnitTestAdapter, Microsoft.VisualStudio.QualityTools.Tips.UnitTest.Adapter, Version=10.0.0.0, Culture=neutral, PublicKeyToken=b03f5f7f11d50a3a" className="TestGameOfLife.GameOfLifeTest, TestGameOfLife, Version=1.0.0.0, Culture=neutral, PublicKeyToken=null" name="GameLogicAllAliveTest" />
    </UnitTest>
    <UnitTest name="ChangeCellStatesTest" storage="c:\users\storgaard\documents\github\sidi-mmun\bdsa\as.36\gol\gol\testgameoflife\bin\debug\testgameoflife.dll" id="28cf5364-152b-3438-cf59-3d76b2f5ab4e">
      <Execution id="646008a6-f1c9-4cc9-b4ac-2c2b68ef054f" />
      <TestMethod codeBase="C:/Users/Storgaard/Documents/GitHub/SIDI-MMUN/BDSA/AS.36/GoL/GoL/TestGameOfLife/bin/Debug/TestGameOfLife.DLL" adapterTypeName="Microsoft.VisualStudio.TestTools.TestTypes.Unit.UnitTestAdapter, Microsoft.VisualStudio.QualityTools.Tips.UnitTest.Adapter, Version=10.0.0.0, Culture=neutral, PublicKeyToken=b03f5f7f11d50a3a" className="TestGameOfLife.GameOfLifeTest, TestGameOfLife, Version=1.0.0.0, Culture=neutral, PublicKeyToken=null" name="ChangeCellStatesTest" />
    </UnitTest>
    <UnitTest name="GameOfLifeConstructorTest" storage="c:\users\storgaard\documents\github\sidi-mmun\bdsa\as.36\gol\gol\testgameoflife\bin\debug\testgameoflife.dll" id="c4a80c31-cb86-c872-347d-1caac65f0b8d">
      <Execution id="527fab70-6eb0-4ea0-8d6e-3ca524c47257" />
      <TestMethod codeBase="C:/Users/Storgaard/Documents/GitHub/SIDI-MMUN/BDSA/AS.36/GoL/GoL/TestGameOfLife/bin/Debug/TestGameOfLife.DLL" adapterTypeName="Microsoft.VisualStudio.TestTools.TestTypes.Unit.UnitTestAdapter, Microsoft.VisualStudio.QualityTools.Tips.UnitTest.Adapter, Version=10.0.0.0, Culture=neutral, PublicKeyToken=b03f5f7f11d50a3a" className="TestGameOfLife.GameOfLifeTest, TestGameOfLife, Version=1.0.0.0, Culture=neutral, PublicKeyToken=null" name="GameOfLifeConstructorTest" />
    </UnitTest>
    <UnitTest name="GameLogicAllZombieTest" storage="c:\users\storgaard\documents\github\sidi-mmun\bdsa\as.36\gol\gol\testgameoflife\bin\debug\testgameoflife.dll" id="4154cb9d-510d-4114-2e73-514f50233c76">
      <Execution id="294d120f-84f8-4531-bb4d-eec399444351" />
      <TestMethod codeBase="C:/Users/Storgaard/Documents/GitHub/SIDI-MMUN/BDSA/AS.36/GoL/GoL/TestGameOfLife/bin/Debug/TestGameOfLife.DLL" adapterTypeName="Microsoft.VisualStudio.TestTools.TestTypes.Unit.UnitTestAdapter, Microsoft.VisualStudio.QualityTools.Tips.UnitTest.Adapter, Version=10.0.0.0, Culture=neutral, PublicKeyToken=b03f5f7f11d50a3a" className="TestGameOfLife.GameOfLifeTest, TestGameOfLife, Version=1.0.0.0, Culture=neutral, PublicKeyToken=null" name="GameLogicAllZombieTest" />
    </UnitTest>
  </TestDefinitions>
  <TestLists>
    <TestList name="Results Not in a List" id="8c84fa94-04c1-424b-9868-57a2d4851a1d" />
    <TestList name="All Loaded Results" id="19431567-8539-422a-85d7-44ee4e166bda" />
  </TestLists>
  <TestEntries>
    <TestEntry testId="28cf5364-152b-3438-cf59-3d76b2f5ab4e" executionId="646008a6-f1c9-4cc9-b4ac-2c2b68ef054f" testListId="8c84fa94-04c1-424b-9868-57a2d4851a1d" />
    <TestEntry testId="4154cb9d-510d-4114-2e73-514f50233c76" executionId="294d120f-84f8-4531-bb4d-eec399444351" testListId="8c84fa94-04c1-424b-9868-57a2d4851a1d" />
    <TestEntry testId="aea06943-332f-e398-3746-cca1e2be391c" executionId="1c03be26-359e-45b8-8417-83b2c6d48026" testListId="8c84fa94-04c1-424b-9868-57a2d4851a1d" />
    <TestEntry testId="b91bde71-f1aa-3548-6a1d-bda2595341db" executionId="7d9a7709-7351-4bdc-83f6-085346c26d82" testListId="8c84fa94-04c1-424b-9868-57a2d4851a1d" />
    <TestEntry testId="c4a80c31-cb86-c872-347d-1caac65f0b8d" executionId="527fab70-6eb0-4ea0-8d6e-3ca524c47257" testListId="8c84fa94-04c1-424b-9868-57a2d4851a1d" />
  </TestEntries>
  <Results>
    <UnitTestResult executionId="646008a6-f1c9-4cc9-b4ac-2c2b68ef054f" testId="28cf5364-152b-3438-cf59-3d76b2f5ab4e" testName="ChangeCellStatesTest" computerName="STORGAARD-PC" duration="00:00:00.0168508" startTime="2012-09-06T15:23:25.0948772+02:00" endTime="2012-09-06T15:23:25.2908884+02:00" testType="13cdc9d9-ddb5-4fa4-a97d-d965ccfc6d4b" outcome="Passed" testListId="8c84fa94-04c1-424b-9868-57a2d4851a1d" relativeResultsDirectory="646008a6-f1c9-4cc9-b4ac-2c2b68ef054f">
    </UnitTestResult>
    <UnitTestResult executionId="294d120f-84f8-4531-bb4d-eec399444351" testId="4154cb9d-510d-4114-2e73-514f50233c76" testName="GameLogicAllZombieTest" computerName="STORGAARD-PC" duration="00:00:00.0008366" startTime="2012-09-06T15:23:25.2918884+02:00" endTime="2012-09-06T15:23:25.2978888+02:00" testType="13cdc9d9-ddb5-4fa4-a97d-d965ccfc6d4b" outcome="Passed" testListId="8c84fa94-04c1-424b-9868-57a2d4851a1d" relativeResultsDirectory="294d120f-84f8-4531-bb4d-eec399444351">
    </UnitTestResult>
    <UnitTestResult executionId="1c03be26-359e-45b8-8417-83b2c6d48026" testId="aea06943-332f-e398-3746-cca1e2be391c" testName="GameLogicAllAliveTest" computerName="STORGAARD-PC" duration="00:00:00.0006619" startTime="2012-09-06T15:23:25.2988888+02:00" endTime="2012-09-06T15:23:25.3038891+02:00" testType="13cdc9d9-ddb5-4fa4-a97d-d965ccfc6d4b" outcome="Passed" testListId="8c84fa94-04c1-424b-9868-57a2d4851a1d" relativeResultsDirectory="1c03be26-359e-45b8-8417-83b2c6d48026">
    </UnitTestResult>
    <UnitTestResult executionId="7d9a7709-7351-4bdc-83f6-085346c26d82" testId="b91bde71-f1aa-3548-6a1d-bda2595341db" testName="GameLogicAllDeadTest" computerName="STORGAARD-PC" duration="00:00:00.0009878" startTime="2012-09-06T15:23:25.3048892+02:00" endTime="2012-09-06T15:23:25.3118896+02:00" testType="13cdc9d9-ddb5-4fa4-a97d-d965ccfc6d4b" outcome="Passed" testListId="8c84fa94-04c1-424b-9868-57a2d4851a1d" relativeResultsDirectory="7d9a7709-7351-4bdc-83f6-085346c26d82">
    </UnitTestResult>
    <UnitTestResult executionId="527fab70-6eb0-4ea0-8d6e-3ca524c47257" testId="c4a80c31-cb86-c872-347d-1caac65f0b8d" testName="GameOfLifeConstructorTest" computerName="STORGAARD-PC" duration="00:00:00.0007468" startTime="2012-09-06T15:23:25.3138897+02:00" endTime="2012-09-06T15:23:25.3198900+02:00" testType="13cdc9d9-ddb5-4fa4-a97d-d965ccfc6d4b" outcome="Passed" testListId="8c84fa94-04c1-424b-9868-57a2d4851a1d" relativeResultsDirectory="527fab70-6eb0-4ea0-8d6e-3ca524c47257">
    </UnitTestResult>
  </Results>
</TestRun>