<?xml version="1.0" encoding="UTF-8"?>
<TestRun id="0a715833-2bc0-45e2-9faf-741272ff67d6" name="Storgaard@STORGAARD-PC 2012-09-06 15:19:32" runUser="Storgaard-Pc\Storgaard" xmlns="http://microsoft.com/schemas/VisualStudio/TeamTest/2010">
  <TestSettings name="Local" id="6696d6a2-e282-42e7-b4d6-155d970f221e">
    <Description>These are default test settings for a local test run.</Description>
    <Deployment enabled="false" runDeploymentRoot="Storgaard_STORGAARD-PC 2012-09-06 15_19_32">
      <DeploymentItem filename="C:\Users\Storgaard\Documents\GitHub\SIDI-MMUN\BDSA\AS.36\GoL\GoL\GoL\bin\Debug\GoL.exe" />
    </Deployment>
    <Execution>
      <TestTypeSpecific />
      <AgentRule name="Execution Agents">
      </AgentRule>
    </Execution>
  </TestSettings>
  <Times creation="2012-09-06T15:19:32.3865670+02:00" queuing="2012-09-06T15:19:32.3955675+02:00" start="2012-09-06T15:19:32.4025679+02:00" finish="2012-09-06T15:19:32.8825954+02:00" />
  <ResultSummary outcome="Completed">
    <Counters total="2" executed="2" passed="2" error="0" failed="0" timeout="0" aborted="0" inconclusive="0" passedButRunAborted="0" notRunnable="0" notExecuted="0" disconnected="0" warning="0" completed="0" inProgress="0" pending="0" />
  </ResultSummary>
  <TestDefinitions>
    <UnitTest name="GameOfLifeConstructorTest" storage="c:\users\storgaard\documents\github\sidi-mmun\bdsa\as.36\gol\gol\testgameoflife\bin\debug\testgameoflife.dll" id="c4a80c31-cb86-c872-347d-1caac65f0b8d">
      <Execution id="4f7a3667-2587-48e4-bf13-c87bf7484f37" />
      <TestMethod codeBase="C:/Users/Storgaard/Documents/GitHub/SIDI-MMUN/BDSA/AS.36/GoL/GoL/TestGameOfLife/bin/Debug/TestGameOfLife.DLL" adapterTypeName="Microsoft.VisualStudio.TestTools.TestTypes.Unit.UnitTestAdapter, Microsoft.VisualStudio.QualityTools.Tips.UnitTest.Adapter, Version=10.0.0.0, Culture=neutral, PublicKeyToken=b03f5f7f11d50a3a" className="TestGameOfLife.GameOfLifeTest, TestGameOfLife, Version=1.0.0.0, Culture=neutral, PublicKeyToken=null" name="GameOfLifeConstructorTest" />
    </UnitTest>
    <UnitTest name="ChangeCellStatesTest" storage="c:\users\storgaard\documents\github\sidi-mmun\bdsa\as.36\gol\gol\testgameoflife\bin\debug\testgameoflife.dll" id="28cf5364-152b-3438-cf59-3d76b2f5ab4e">
      <Execution id="70186bb1-872c-465a-99b3-6aec8cb231b2" />
      <TestMethod codeBase="C:/Users/Storgaard/Documents/GitHub/SIDI-MMUN/BDSA/AS.36/GoL/GoL/TestGameOfLife/bin/Debug/TestGameOfLife.DLL" adapterTypeName="Microsoft.VisualStudio.TestTools.TestTypes.Unit.UnitTestAdapter, Microsoft.VisualStudio.QualityTools.Tips.UnitTest.Adapter, Version=10.0.0.0, Culture=neutral, PublicKeyToken=b03f5f7f11d50a3a" className="TestGameOfLife.GameOfLifeTest, TestGameOfLife, Version=1.0.0.0, Culture=neutral, PublicKeyToken=null" name="ChangeCellStatesTest" />
    </UnitTest>
  </TestDefinitions>
  <TestLists>
    <TestList name="Results Not in a List" id="8c84fa94-04c1-424b-9868-57a2d4851a1d" />
    <TestList name="All Loaded Results" id="19431567-8539-422a-85d7-44ee4e166bda" />
  </TestLists>
  <TestEntries>
    <TestEntry testId="28cf5364-152b-3438-cf59-3d76b2f5ab4e" executionId="70186bb1-872c-465a-99b3-6aec8cb231b2" testListId="8c84fa94-04c1-424b-9868-57a2d4851a1d" />
    <TestEntry testId="c4a80c31-cb86-c872-347d-1caac65f0b8d" executionId="4f7a3667-2587-48e4-bf13-c87bf7484f37" testListId="8c84fa94-04c1-424b-9868-57a2d4851a1d" />
  </TestEntries>
  <Results>
    <UnitTestResult executionId="70186bb1-872c-465a-99b3-6aec8cb231b2" testId="28cf5364-152b-3438-cf59-3d76b2f5ab4e" testName="ChangeCellStatesTest" computerName="STORGAARD-PC" duration="00:00:00.0168159" startTime="2012-09-06T15:19:32.4055681+02:00" endTime="2012-09-06T15:19:32.5995792+02:00" testType="13cdc9d9-ddb5-4fa4-a97d-d965ccfc6d4b" outcome="Passed" testListId="8c84fa94-04c1-424b-9868-57a2d4851a1d" relativeResultsDirectory="70186bb1-872c-465a-99b3-6aec8cb231b2">
    </UnitTestResult>
    <UnitTestResult executionId="4f7a3667-2587-48e4-bf13-c87bf7484f37" testId="c4a80c31-cb86-c872-347d-1caac65f0b8d" testName="GameOfLifeConstructorTest" computerName="STORGAARD-PC" duration="00:00:00.0005354" startTime="2012-09-06T15:19:32.6005792+02:00" endTime="2012-09-06T15:19:32.6055795+02:00" testType="13cdc9d9-ddb5-4fa4-a97d-d965ccfc6d4b" outcome="Passed" testListId="8c84fa94-04c1-424b-9868-57a2d4851a1d" relativeResultsDirectory="4f7a3667-2587-48e4-bf13-c87bf7484f37">
    </UnitTestResult>
  </Results>
</TestRun>