<?xml version="1.0" encoding="UTF-8"?>
<TestRun id="cd114986-edc1-4fd3-b04e-649cd87905fb" name="Storgaard@STORGAARD-PC 2012-09-06 15:49:44" runUser="Storgaard-Pc\Storgaard" xmlns="http://microsoft.com/schemas/VisualStudio/TeamTest/2010">
  <TestSettings name="Local" id="6696d6a2-e282-42e7-b4d6-155d970f221e">
    <Description>These are default test settings for a local test run.</Description>
    <Deployment enabled="false" runDeploymentRoot="Storgaard_STORGAARD-PC 2012-09-06 15_49_44">
      <DeploymentItem filename="C:\Users\Storgaard\Documents\GitHub\SIDI-MMUN\BDSA\AS.36\GoL\GoL\GoL\bin\Debug\GoL.exe" />
    </Deployment>
    <Execution>
      <TestTypeSpecific />
      <AgentRule name="Execution Agents">
      </AgentRule>
    </Execution>
  </TestSettings>
  <Times creation="2012-09-06T15:49:44.0731895+02:00" queuing="2012-09-06T15:49:44.0851902+02:00" start="2012-09-06T15:49:44.0951908+02:00" finish="2012-09-06T15:49:44.5822187+02:00" />
  <ResultSummary outcome="Failed">
    <Counters total="1" executed="1" error="0" failed="1" timeout="0" aborted="0" inconclusive="0" passedButRunAborted="0" notRunnable="0" notExecuted="0" disconnected="0" warning="0" passed="0" completed="0" inProgress="0" pending="0" />
  </ResultSummary>
  <TestDefinitions>
    <UnitTest name="GameLogicTest" storage="c:\users\storgaard\documents\github\sidi-mmun\bdsa\as.36\gol\gol\testgameoflife\bin\debug\testgameoflife.dll" id="0005c49c-8862-1c7f-ecd9-27c0d800c6a1">
      <Execution id="ce7f43b8-7ced-47a5-92ed-feb43897593c" />
      <TestMethod codeBase="C:/Users/Storgaard/Documents/GitHub/SIDI-MMUN/BDSA/AS.36/GoL/GoL/TestGameOfLife/bin/Debug/TestGameOfLife.DLL" adapterTypeName="Microsoft.VisualStudio.TestTools.TestTypes.Unit.UnitTestAdapter, Microsoft.VisualStudio.QualityTools.Tips.UnitTest.Adapter, Version=10.0.0.0, Culture=neutral, PublicKeyToken=b03f5f7f11d50a3a" className="TestGameOfLife.GameOfLifeTest, TestGameOfLife, Version=1.0.0.0, Culture=neutral, PublicKeyToken=null" name="GameLogicTest" />
    </UnitTest>
  </TestDefinitions>
  <TestLists>
    <TestList name="Results Not in a List" id="8c84fa94-04c1-424b-9868-57a2d4851a1d" />
    <TestList name="All Loaded Results" id="19431567-8539-422a-85d7-44ee4e166bda" />
  </TestLists>
  <TestEntries>
    <TestEntry testId="0005c49c-8862-1c7f-ecd9-27c0d800c6a1" executionId="ce7f43b8-7ced-47a5-92ed-feb43897593c" testListId="8c84fa94-04c1-424b-9868-57a2d4851a1d" />
  </TestEntries>
  <Results>
    <UnitTestResult executionId="ce7f43b8-7ced-47a5-92ed-feb43897593c" testId="0005c49c-8862-1c7f-ecd9-27c0d800c6a1" testName="GameLogicTest" computerName="STORGAARD-PC" duration="00:00:00.0437124" startTime="2012-09-06T15:49:44.0991910+02:00" endTime="2012-09-06T15:49:44.3432050+02:00" testType="13cdc9d9-ddb5-4fa4-a97d-d965ccfc6d4b" outcome="Failed" testListId="8c84fa94-04c1-424b-9868-57a2d4851a1d" relativeResultsDirectory="ce7f43b8-7ced-47a5-92ed-feb43897593c">
      <Output>
        <StdOut>0, 0: 1
Zombies: 0
Dead: 0
Alive: 0
0, 1: 1
Zombies: 1
Dead: 1
Alive: 2
0, 2: 0
Zombies: 0
Dead: 1
Alive: 3
0, 3: 1
Zombies: 0
Dead: 1
Alive: 3
0, 4: 0
Zombies: 0
Dead: 0
Alive: 3
1, 0: 
Zombies: 0
Dead: 0
Alive: 0
1, 1: 0
Zombies: 3
Dead: 1
Alive: 3
1, 2: 1
Zombies: 1
Dead: 3
Alive: 3
1, 3: 1
Zombies: 2
Dead: 3
Alive: 2
1, 4: 1
Zombies: 1
Dead: 2
Alive: 2
2, 0: 
Zombies: 0
Dead: 0
Alive: 0
2, 1: 1
Zombies: 3
Dead: 1
Alive: 3
2, 2: 
Zombies: 1
Dead: 1
Alive: 5
2, 3: 0
Zombies: 2
Dead: 0
Alive: 5
2, 4: 
Zombies: 0
Dead: 1
Alive: 4
3, 0: 1
Zombies: 0
Dead: 0
Alive: 0
3, 1: 1
Zombies: 4
Dead: 1
Alive: 2
3, 2: 
Zombies: 3
Dead: 2
Alive: 2
3, 3: 1
Zombies: 4
Dead: 2
Alive: 1
3, 4: 1
Zombies: 2
Dead: 1
Alive: 2
4, 0: 
Zombies: 0
Dead: 0
Alive: 0
4, 1: 
Zombies: 2
Dead: 0
Alive: 2
4, 2: 0
Zombies: 2
Dead: 0
Alive: 2
4, 3: 
Zombies: 1
Dead: 1
Alive: 2
4, 4: 1
Zombies: 1
Dead: 0
Alive: 2</StdOut>
        <ErrorInfo>
          <Message>Assert.AreEqual failed. Expected:&lt;0&gt;. Actual:&lt;1&gt;. Did not get 0 as expected, got 1 at 0,2</Message>
          <StackTrace>   at TestGameOfLife.GameOfLifeTest.GameLogicTest() in C:\Users\Storgaard\Documents\GitHub\SIDI-MMUN\BDSA\AS.36\GoL\GoL\TestGameOfLife\GameOfLifeTest.cs:line 265
</StackTrace>
        </ErrorInfo>
      </Output>
    </UnitTestResult>
  </Results>
</TestRun>